original:

#define A(X) X
#define B(X) B(1) {X}
#define C A(1) B(1)
B(C)
-----------
preprocessed:

B(1) {1 B(1) {1}}
