original:

#define A(X) X
#define B(X) {X}
#define C A(1) B(1)
B(C)
-----------
preprocessed:

{1 {1}}
